/*
PREFACE:  
Copyright 2010 Beth Randall
Date:  Fri Jul 10 10:24:41 BRT 2026

command file:     queries/det_np_before_vb.q
output file:      queries/det_np_before_vb.out

remark:  copy_corpus: true 

node:   IP-MAT
query:  (IP-MAT iDominates  {1}[1]NP) 
  AND  (IP-MAT iDominates  VB) 
  AND  (IP-MAT iDominates  [2]NP) 
  AND  ([1]NP iPrecedes  VB) 
  AND  (VB iPrecedes  [2]NP) 
  AND  ([1]NP iDominates  D) 
  AND  ([1]NP domsWords  1) 

replace_label{1}: NP-SBJ
*/
/*
HEADER:
source file:  ped-gramm.psd
*/

/~*
ijotawece etidi akiidi.
*~/
/*
1 IP-MAT:  1 IP-MAT, 2 NP, 5 VB, 7 NP, 3 D
*/
( (IP-MAT (NP-SBJ (D ijotawece))
	  (VB etidi)
	  (NP (N akiidi))
	  (PUNC .)))
/*
FOOTER
  source file, hits/tokens/total
  ped-gramm.psd		1/1/56
*/
/*
SUMMARY:  
source files, hits/tokens/total
  ped-gramm.psd		1/1/56
whole search, hits/tokens/total
			1/1/56
*/
