/*
PREFACE:  
Copyright 2010 Beth Randall
Date:  Mon Aug 24 22:37:20 BRT 2026

command file:     kadiweu-np-idoms-nposs.q
output file:      kadiweu-np-idoms-nposs.out

node:   NP*
query:  (NP* iDoms  N$) 
*/
/*
HEADER:
source file:  kadiweu-parser-done.gold.psd
*/

/~*
Iwaalo libiniena
(hil-data,0.1)
*~/
/*
5 NP-PRD:  5 NP-PRD, 6 N$
*/
( (IP-MAT (NP-SBJ (N Iwaalo))
	  (NP-PRD (N$ libiniena)))
  (ID hil-data,0.1))

/~*
LotaGa Ganioxoa libinienaGa
(hil-data,0.3)
*~/
/*
2 NP-SBJ:  2 NP-SBJ, 3 N$
5 NP:  5 NP, 6 N$
8 NP-PRD:  8 NP-PRD, 9 N$
*/

( (IP-MAT (NP-SBJ (N$ LotaGa)
		  (NP (N$ Ganioxoa)))
	  (NP-PRD (N$ libinienaGa)))
  (ID hil-data,0.3))

/~*
LotaGa Gadodawa libinienaGa
(hil-data,0.4)
*~/
/*
2 NP-SBJ:  2 NP-SBJ, 3 N$
5 NP:  5 NP, 6 N$
8 NP-PRD:  8 NP-PRD, 9 N$
*/

( (IP-MAT (NP-SBJ (N$ LotaGa)
		  (NP (N$ Gadodawa)))
	  (NP-PRD (N$ libinienaGa)))
  (ID hil-data,0.4))

/~*
Etogo ane@ @iwaGadi aG@ @dakake lojedi
(hil-data,0.5)
*~/
/*
19 NP:  19 NP, 23 N$
*/

( (IP-MAT (NP-1 (N Etogo)
		(CP-REL (WNP-2 (WPRO ane@))
			(IP-SUB (NP-TRACE (-NONE- *T*-2))
				(VB @iwaGadi))))
	  (NEG aG@)
	  (VBU @dakake)
	  (NP (NP-GEN (-NONE- *T*-1))
	      (N$ lojedi)))
  (ID hil-data,0.5))

/~*
Etogo ane iwaGadi aG@ @dakake loojedi
(hil-data,0.6)
*~/
/*
19 NP:  19 NP, 23 N$
*/

( (IP-MAT (NP-1 (N Etogo)
		(CP-REL (WNP-2 (WPRO ane))
			(IP-SUB (NP-TRACE (-NONE- *T*-2))
				(VB iwaGadi))))
	  (NEG aG@)
	  (VBU @dakake)
	  (NP (NP-GEN (-NONE- *T*-1))
	      (N$ loojedi)))
  (ID hil-data,0.6))

/~*
Gawenigi eliodi me libinienigi
(hil-data,0.7)
*~/
/*
2 NP-SBJ:  2 NP-SBJ, 3 N$
11 NP:  11 NP, 12 N$
*/

( (IP-MAT (NP-SBJ (N$ Gawenigi))
	  (CP-me (Q eliodi)
		 (C me)
		 (IP-SUB (NP (N$ libinienigi)))))
  (ID hil-data,0.7))

/~*
NiGijo liwenigi libinienigi
(hil-data,0.8)
*~/
/*
2 NP-SBJ:  2 NP-SBJ, 5 N$
7 NP-PRD:  7 NP-PRD, 8 N$
*/

( (IP-MAT (NP-SBJ (D NiGijo) (N$ liwenigi))
	  (NP-PRD (N$ libinienigi)))
  (ID hil-data,0.8))

/~*
NiGida niwenigi eliodi me dakake loojedi
(hil-data,0.9)
*~/
/*
15 NP:  15 NP, 19 N$
*/

( (IP-MAT (NP-1 (D NiGida) (N niwenigi))
	  (CP-me (Q eliodi)
		 (C me)
		 (IP-SUB (VBU dakake)
			 (NP (NP-GEN (-NONE- *T*-1))
			     (N$ loojedi)))))
  (ID hil-data,0.9))

/~*
NaGajo lomigo Pedilo idei me@ @adi niwatece
(hil-data,0.10)
*~/
/*
2 NP:  2 NP, 5 N$
16 NP:  16 NP, 19 N$
*/

( (IP-MAT (NP (D NaGajo)
	      (N$ lomigo)
	      (NP (NPR Pedilo)))
	  (VB idei)
	  (CP-me (C me@)
		 (IP-SUB (NP (D @adi) (N$ niwatece)))))
  (ID hil-data,0.10))

/~*
NaGajo lomigo niganigawanigi me@ @adi niwatece
(hil-data,0.11)
*~/
/*
2 NP-SBJ:  2 NP-SBJ, 5 N$
14 NP:  14 NP, 17 N$
*/

( (IP-MAT (NP-SBJ (D NaGajo)
		  (N$ lomigo)
		  (NP (N niganigawanigi)))
	  (CP-me (C me@)
		 (IP-SUB (NP (D @adi) (N$ niwatece)))))
  (ID hil-data,0.11))

/~*
niGijoa lionaGa iwaalo idei me@ @ijotaGa
(hil-data,0.13)
*~/
/*
2 NP:  2 NP, 5 N$
*/

( (IP-MAT (NP (D niGijoa)
	      (N$ lionaGa)
	      (NP (N iwaalo)))
	  (VB idei)
	  (CP-me (C me@)
		 (IP-SUB (NP (DAPL @ijotaGa)))))
  (ID hil-data,0.13))

/~*
Iwaalepodi libinienigipi.
(hil-data,0.15)
*~/
/*
5 NP-PRD:  5 NP-PRD, 6 N$
*/

( (IP-MAT (NP-SBJ (N Iwaalepodi))
	  (NP-PRD (N$ libinienigipi))
	  (PUNC .))
  (ID hil-data,0.15))

/~*
libiniena
(hil-data,0.28)
*~/
/*
2 NP:  2 NP, 3 N$
*/

( (IP-MAT (NP (N$ libiniena)))
  (ID hil-data,0.28))

/~*
libinienigi
(hil-data,0.29)
*~/
/*
2 NP:  2 NP, 3 N$
*/

( (IP-MAT (NP (N$ libinienigi)))
  (ID hil-data,0.29))

/~*
NiGida lodajo lodawa aG@ @idei dineigi
(hil-data,0.33)
*~/
/*
2 NP:  2 NP, 5 N$
*/

( (IP-MAT (NP (D NiGida)
	      (N$ lodajo)
	      (NP (N lodawa)))
	  (NEG aG@)
	  (VB @idei)
	  (NP (N dineigi)))
  (ID hil-data,0.33))

/~*
liwigo niganigawanigi libinienigi
(hil-data,0.34)
*~/
/*
2 NP-SBJ:  2 NP-SBJ, 3 N$
8 NP-PRD:  8 NP-PRD, 9 N$
*/

( (IP-MAT (NP-SBJ (N$ liwigo)
		  (NP (N niganigawanigi)))
	  (NP-PRD (N$ libinienigi)))
  (ID hil-data,0.34))

/~*
NaGani wetiGa ane iwaGadi eniteloco iGonagi
(hil-data,0.39)
*~/
/*
19 NP-APL:  19 NP-APL, 20 N$
*/

( (IP-MAT (NP (D NaGani)
	      (N wetiGa)
	      (CP-REL (WNP-1 (WPRO ane))
		      (IP-SUB (NP-TRACE (-NONE- *T*-1))
			      (VB iwaGadi))))
	  (VBAPL eniteloco)
	  (NP-APL (N$ iGonagi)))
  (ID hil-data,0.39))

/~*
NiGidoa waca lotiidi dapicoGo
(hil-data,0.41)
*~/
/*
2 NP:  2 NP, 8 N$
*/

( (IP-MAT (NP (D NiGidoa)
	      (NP (N waca))
	      (N$ lotiidi))
	  (VB dapicoGo))
  (ID hil-data,0.41))

/~*
niGidiwa okokodi ligetedi liwigo libinienaGa
(hil-data,0.43)
*~/
/*
2 NP-SBJ:  2 NP-SBJ, 8 N$
10 NP:  10 NP, 11 N$
13 NP-PRD:  13 NP-PRD, 14 N$
*/

( (IP-MAT (NP-SBJ (D niGidiwa)
		  (NP (N okokodi))
		  (N$ ligetedi)
		  (NP (N$ liwigo)))
	  (NP-PRD (N$ libinienaGa)))
  (ID hil-data,0.43))

/~*
NiGidiwa noGojedi lixagotaGaGa aG@ @dakake loojedi
(hil-data,0.44)
*~/
/*
2 NP-1:  2 NP-1, 8 N$
14 NP:  14 NP, 18 N$
*/

( (IP-MAT (NP-1 (D NiGidiwa)
		(NP (N noGojedi))
		(N$ lixagotaGaGa))
	  (NEG aG@)
	  (VBU @dakake)
	  (NP (NP-GEN (-NONE- *T*-1))
	      (N$ loojedi)))
  (ID hil-data,0.44))

/~*
oko aG@ @idejonaGa me@ @idi Godoigi
(hil-data,0.57)
*~/
/*
13 NP:  13 NP, 16 N$
*/

( (IP-MAT (NP (N oko))
	  (NEG aG@)
	  (VB @idejonaGa)
	  (CP-me (C me@)
		 (IP-SUB (NP (D @idi) (N$ Godoigi)))))
  (ID hil-data,0.57))

/~*
aG@ @idejonaGa me@ @idi Godoigi
(hil-data,0.59)
*~/
/*
10 NP:  10 NP, 13 N$
*/

( (IP-MAT (NEG aG@)
	  (VB @idejonaGa)
	  (CP-me (C me@)
		 (IP-SUB (NP (D @idi) (N$ Godoigi)))))
  (ID hil-data,0.59))

/~*
niGijo nelokodi Maria idei me@ @idi akiidi
(hil-data,0.60)
*~/
/*
2 NP:  2 NP, 5 N$
*/

( (IP-MAT (NP (D niGijo)
	      (N$ nelokodi)
	      (NP (NPR Maria)))
	  (VB idei)
	  (CP-me (C me@)
		 (IP-SUB (NP (D @idi) (N akiidi)))))
  (ID hil-data,0.60))

/~*
NaGada libiwe niale ixagodi
(hil-data,0.62)
*~/
/*
2 NP:  2 NP, 5 N$
*/

( (IP-MAT (NP (D NaGada)
	      (N$ libiwe)
	      (NP (N niale)))
	  (VB ixagodi))
  (ID hil-data,0.62))

/~*
Nigijoa lianaGa Maria libinienigipi
(hil-data,0.64)
*~/
/*
2 NP-SBJ:  2 NP-SBJ, 5 N$
10 NP-PRD:  10 NP-PRD, 11 N$
*/

( (IP-MAT (NP-SBJ (D Nigijoa)
		  (N$ lianaGa)
		  (NP (NPR Maria)))
	  (NP-PRD (N$ libinienigipi)))
  (ID hil-data,0.64))

/~*
NiGidi lionaGa iwaalo etidi me@ @eetaGa
(hil-data,0.65)
*~/
/*
2 NP:  2 NP, 5 N$
*/

( (IP-MAT (NP (D NiGidi)
	      (N$ lionaGa)
	      (NP (N iwaalo)))
	  (VB etidi)
	  (CP-me (C me@)
		 (IP-SUB (NP (DAPL @eetaGa)))))
  (ID hil-data,0.65))

/~*
liGeladi ipegitege nakidi nigotaGa
(hil-data,0.66)
*~/
/*
2 NP:  2 NP, 3 N$
7 NP-APL:  7 NP-APL, 8 N$
*/

( (IP-MAT (NP (N$ liGeladi))
	  (VBAPL ipegitege)
	  (NP-APL (N$ nakidi)
		  (NP (N nigotaGa))))
  (ID hil-data,0.66))

/~*
liGeladi ipegitege nakidi nigotaGa
(hil-data,0.67)
*~/
/*
2 NP:  2 NP, 3 N$
7 NP-APL:  7 NP-APL, 8 N$
*/

( (IP-MAT (NP (N$ liGeladi))
	  (VBAPL ipegitege)
	  (NP-APL (N$ nakidi)
		  (NP (N nigotaGa))))
  (ID hil-data,0.67))

/~*
nigotaGa liGeladi ipegitege akiidi
(hil-data,0.68)
*~/
/*
2 NP:  2 NP, 3 N$
5 NP:  5 NP, 6 N$
*/

( (IP-MAT (NP (N$ nigotaGa)
	      (NP (N$ liGeladi)))
	  (VBAPL ipegitege)
	  (NP-APL (N akiidi)))
  (ID hil-data,0.68))

/~*
Nigaanigawaanigi etini liwatece Pedilo
(hil-data,0.69)
*~/
/*
7 NP:  7 NP, 8 N$
*/

( (IP-MAT (NP (N Nigaanigawaanigi))
	  (VB etini)
	  (NP (N$ liwatece)
	      (NP (NPR Pedilo))))
  (ID hil-data,0.69))

/~*
NiGijo nigaanigawaanigi etini liwatece ideloGole
(hil-data,0.70)
*~/
/*
9 NP:  9 NP, 10 N$
*/

( (IP-MAT (NP (D NiGijo) (N nigaanigawaanigi))
	  (VB etini)
	  (NP (N$ liwatece)
	      (NP (N ideloGole))))
  (ID hil-data,0.70))

/~*
ajo liwatece ja iwaGadi
(ped-gramm,0.1)
*~/
/*
2 NP:  2 NP, 5 N$
*/

( (IP-MAT (NP (D ajo) (N$ liwatece))
	  (T ja)
	  (VB iwaGadi))
  (ID ped-gramm,0.1))

/~*
ajo liwatece etadi weiigi
(ped-gramm,0.2)
*~/
/*
2 NP:  2 NP, 5 N$
*/

( (IP-MAT (NP (D ajo) (N$ liwatece))
	  (VB etadi)
	  (NP (N weiigi)))
  (ID ped-gramm,0.2))

/~*
ajo niwatece etadi digoida
(ped-gramm,0.3)
*~/
/*
2 NP:  2 NP, 5 N$
*/

( (IP-MAT (NP (D ajo) (N$ niwatece))
	  (VB etadi)
	  (NP (D digoida)))
  (ID ped-gramm,0.3))

/~*
niwatece iwaGadi
(ped-gramm,0.4)
*~/
/*
2 NP:  2 NP, 3 N$
*/

( (IP-MAT (NP (N$ niwatece))
	  (VB iwaGadi))
  (ID ped-gramm,0.4))

/~*
niwatece etadi weiigi
(ped-gramm,0.5)
*~/
/*
2 NP:  2 NP, 3 N$
*/

( (IP-MAT (NP (N$ niwatece))
	  (VB etadi)
	  (NP (N weiigi)))
  (ID ped-gramm,0.5))

/~*
ajo niwatece ipegitege weiigi
(ped-gramm,0.6)
*~/
/*
2 NP:  2 NP, 5 N$
*/

( (IP-MAT (NP (D ajo) (N$ niwatece))
	  (VBAPL ipegitege)
	  (NP-APL (N weiigi)))
  (ID ped-gramm,0.6))

/~*
liGeladi Maria aG@ @ipegetege
(ped-gramm,0.7)
*~/
/*
2 NP:  2 NP, 3 N$
*/

( (IP-MAT (NP (N$ liGeladi)
	      (NP (NPR Maria)))
	  (NEG aG@)
	  (VBAPL @ipegetege))
  (ID ped-gramm,0.7))

/~*
ica liGeladi ipegetege
(ped-gramm,0.8)
*~/
/*
2 NP:  2 NP, 5 N$
*/

( (IP-MAT (NP (D ica) (N$ liGeladi))
	  (VBAPL ipegetege))
  (ID ped-gramm,0.8))

/~*
liGeladi idei nigotaGa
(ped-gramm,0.9)
*~/
/*
2 NP:  2 NP, 3 N$
*/

( (IP-MAT (NP (N$ liGeladi))
	  (VB idei)
	  (NP (N nigotaGa)))
  (ID ped-gramm,0.9))

/~*
ica liGeladi ipegitegi
(ped-gramm,0.10)
*~/
/*
2 NP:  2 NP, 5 N$
*/

( (IP-MAT (NP (D ica) (N$ liGeladi))
	  (VBAPL ipegitegi))
  (ID ped-gramm,0.10))

/~*
ica looligi lidi
(ped-gramm,0.12)
*~/
/*
2 NP-SBJ:  2 NP-SBJ, 5 N$
7 NP-PRD:  7 NP-PRD, 8 N$
*/

( (IP-MAT (NP-SBJ (D ica) (N$ looligi))
	  (NP-PRD (N$ lidi)))
  (ID ped-gramm,0.12))

/~*
ica looligi dapico
(ped-gramm,0.13)
*~/
/*
2 NP:  2 NP, 5 N$
*/

( (IP-MAT (NP (D ica) (N$ looligi))
	  (VB dapico))
  (ID ped-gramm,0.13))

/~*
ica looligi ja dapico
(ped-gramm,0.14)
*~/
/*
2 NP:  2 NP, 5 N$
*/

( (IP-MAT (NP (D ica) (N$ looligi))
	  (T ja)
	  (VB dapico))
  (ID ped-gramm,0.14))

/~*
ica looligi lideGegi
(ped-gramm,0.15)
*~/
/*
2 NP-SBJ:  2 NP-SBJ, 5 N$
7 NP-PRD:  7 NP-PRD, 8 N$
*/

( (IP-MAT (NP-SBJ (D ica) (N$ looligi))
	  (NP-PRD (N$ lideGegi)))
  (ID ped-gramm,0.15))

/~*
loigipodi libinienigipi
(ped-gramm,0.16)
*~/
/*
2 NP-SBJ:  2 NP-SBJ, 3 N$
5 NP-PRD:  5 NP-PRD, 6 N$
*/

( (IP-MAT (NP-SBJ (N$ loigipodi))
	  (NP-PRD (N$ libinienigipi)))
  (ID ped-gramm,0.16))

/~*
ica lideGegi loligi idei liGeladi
(ped-gramm,0.18)
*~/
/*
2 NP:  2 NP, 5 N$
7 NP:  7 NP, 8 N$
12 NP:  12 NP, 13 N$
*/

( (IP-MAT (NP (D ica)
	      (N$ lideGegi)
	      (NP (N$ loligi)))
	  (VB idei)
	  (NP (N$ liGeladi)))
  (ID ped-gramm,0.18))

/~*
ica liwigo libinienigi
(ped-gramm,0.19)
*~/
/*
2 NP-SBJ:  2 NP-SBJ, 5 N$
7 NP-PRD:  7 NP-PRD, 8 N$
*/

( (IP-MAT (NP-SBJ (D ica) (N$ liwigo))
	  (NP-PRD (N$ libinienigi)))
  (ID ped-gramm,0.19))

/~*
ica niwigo libinienigi
(ped-gramm,0.20)
*~/
/*
7 NP-PRD:  7 NP-PRD, 8 N$
*/

( (IP-MAT (NP-SBJ (D ica) (N niwigo))
	  (NP-PRD (N$ libinienigi)))
  (ID ped-gramm,0.20))

/~*
ica nioladi nioxoa libinienigi
(ped-gramm,0.22)
*~/
/*
2 NP-SBJ:  2 NP-SBJ, 5 N$
7 NP:  7 NP, 8 N$
10 NP-PRD:  10 NP-PRD, 11 N$
*/

( (IP-MAT (NP-SBJ (D ica)
		  (N$ nioladi)
		  (NP (N$ nioxoa)))
	  (NP-PRD (N$ libinienigi)))
  (ID ped-gramm,0.22))

/~*
ica nioladi lodawa libinienigi
(ped-gramm,0.23)
*~/
/*
2 NP-SBJ:  2 NP-SBJ, 5 N$
7 NP:  7 NP, 8 N$
10 NP-PRD:  10 NP-PRD, 11 N$
*/

( (IP-MAT (NP-SBJ (D ica)
		  (N$ nioladi)
		  (NP (N$ lodawa)))
	  (NP-PRD (N$ libinienigi)))
  (ID ped-gramm,0.23))

/~*
iGeladi idei naigi ane@ @napioi
(ped-gramm,0.24)
*~/
/*
2 NP:  2 NP, 3 N$
*/

( (IP-MAT (NP (N$ iGeladi))
	  (VB idei)
	  (NP (N naigi)
	      (CP-REL (WNP-1 (WPRO ane@))
		      (IP-SUB (NP-TRACE (-NONE- *T*-1))
			      (NP (N @napioi))))))
  (ID ped-gramm,0.24))

/~*
iGeladi idei naigi me napioi
(ped-gramm,0.25)
*~/
/*
2 NP:  2 NP, 3 N$
*/

( (IP-MAT (NP (N$ iGeladi))
	  (VB idei)
	  (NP (N naigi)
	      (CP-me (C me)
		     (IP-SUB (NP (N napioi))))))
  (ID ped-gramm,0.25))

/~*
iGeladi idei digoida
(ped-gramm,0.32)
*~/
/*
2 NP:  2 NP, 3 N$
*/

( (IP-MAT (NP (N$ iGeladi))
	  (VB idei)
	  (NP (D digoida)))
  (ID ped-gramm,0.32))

/~*
iGeladi ipegitaGagi
(ped-gramm,0.33)
*~/
/*
2 NP:  2 NP, 3 N$
*/

( (IP-MAT (NP (N$ iGeladi))
	  (VBAPL ipegitaGagi))
  (ID ped-gramm,0.33))

/~*
iGeladi ipegitegi liGeladi
(ped-gramm,0.34)
*~/
/*
2 NP:  2 NP, 3 N$
7 NP-APL:  7 NP-APL, 8 N$
*/

( (IP-MAT (NP (N$ iGeladi))
	  (VBAPL ipegitegi)
	  (NP-APL (N$ liGeladi)))
  (ID ped-gramm,0.34))

/~*
iGeladi ipegitegi naigi ane napioi
(ped-gramm,0.35)
*~/
/*
2 NP:  2 NP, 3 N$
*/

( (IP-MAT (NP (N$ iGeladi))
	  (VBAPL ipegitegi)
	  (NP-APL (N naigi)
		  (CP-REL (WNP-1 (WPRO ane))
			  (IP-SUB (NP-TRACE (-NONE- *T*-1))
				  (NP (N napioi))))))
  (ID ped-gramm,0.35))

/~*
iGeladi ipegitegi naigi me napioi
(ped-gramm,0.36)
*~/
/*
2 NP:  2 NP, 3 N$
*/

( (IP-MAT (NP (N$ iGeladi))
	  (VBAPL ipegitegi)
	  (NP-APL (N naigi)
		  (CP-me (C me)
			 (IP-SUB (NP (N napioi))))))
  (ID ped-gramm,0.36))

/~*
iGeladi aG@ @ipegitegi weiigi
(ped-gramm,0.37)
*~/
/*
2 NP:  2 NP, 3 N$
*/

( (IP-MAT (NP (N$ iGeladi))
	  (NEG aG@)
	  (VBAPL @ipegitegi)
	  (NP-APL (N weiigi)))
  (ID ped-gramm,0.37))

/~*
iGeladi digoida weiigi.
(ped-gramm,0.40)
*~/
/*
2 NP-SBJ:  2 NP-SBJ, 3 N$
*/

( (IP-MAT (NP-SBJ (N$ iGeladi))
	  (NP-PRD (D digoida) (N weiigi))
	  (PUNC .))
  (ID ped-gramm,0.40))

/~*
iGeladi idei weiigi.
(ped-gramm,0.41)
*~/
/*
2 NP:  2 NP, 3 N$
*/

( (IP-MAT (NP (N$ iGeladi))
	  (VB idei)
	  (NP (N weiigi))
	  (PUNC .))
  (ID ped-gramm,0.41))

/~*
lotaGa GanaginaGa libinienaGa.
(ped-gramm,0.43)
*~/
/*
2 NP-SBJ:  2 NP-SBJ, 3 N$
5 NP:  5 NP, 6 N$
8 NP-PRD:  8 NP-PRD, 9 N$
*/

( (IP-MAT (NP-SBJ (N$ lotaGa)
		  (NP (N$ GanaginaGa)))
	  (NP-PRD (N$ libinienaGa))
	  (PUNC .))
  (ID ped-gramm,0.43))

/~*
liGeladi João napioi.
(ped-gramm,0.46)
*~/
/*
2 NP-SBJ:  2 NP-SBJ, 3 N$
8 NP-PRD:  8 NP-PRD, 9 N$
*/

( (IP-MAT (NP-SBJ (N$ liGeladi)
		  (NP (NPR João)))
	  (NP-PRD (N$ napioi))
	  (PUNC .))
  (ID ped-gramm,0.46))

/~*
liGeladi ipegitege niweiigi nigotaGa.
(ped-gramm,0.47)
*~/
/*
2 NP:  2 NP, 3 N$
7 NP-APL:  7 NP-APL, 11 N$
*/

( (IP-MAT (NP (N$ liGeladi))
	  (VBAPL ipegitege)
	  (NP-APL (NP (N niweiigi))
		  (N$ nigotaGa))
	  (PUNC .))
  (ID ped-gramm,0.47))

/~*
liGeladi ipegitegi niweiigi nigotaGa.
(ped-gramm,0.48)
*~/
/*
2 NP:  2 NP, 3 N$
7 NP-APL:  7 NP-APL, 8 N$
*/

( (IP-MAT (NP (N$ liGeladi))
	  (VBAPL ipegitegi)
	  (NP-APL (N$ niweiigi)
		  (NP (N nigotaGa)))
	  (PUNC .))
  (ID ped-gramm,0.48))

/~*
Niwatece iwaGadi codaa aG@ @dakake loojedi.
(ped-gramm,0.49)
*~/
/*
3 NP:  3 NP, 4 N$
16 NP:  16 NP, 17 N$
*/

( (IP-MAT (IP-MAT (NP (N$ Niwatece))
		  (VB iwaGadi))
	  (CONJP (CONJ codaa)
		 (IP-MAT (NEG aG@)
			 (VBU @dakake)
			 (NP (N$ loojedi))))
	  (PUNC .))
  (ID ped-gramm,0.49))

/~*
niGidowa waca lotiidi dapikoGo
(ped-gramm,0.55)
*~/
/*
2 NP:  2 NP, 8 N$
*/

( (IP-MAT (NP (D niGidowa)
	      (NP (N waca))
	      (N$ lotiidi))
	  (VB dapikoGo))
  (ID ped-gramm,0.55))

/~*
IiGeladi me@ @idi akiidi
(ped-gramm,0.56)
*~/
/*
2 NP-SBJ:  2 NP-SBJ, 3 N$
*/

( (IP-MAT (NP-SBJ (N$ IiGeladi))
	  (CP-me (C me@)
		 (IP-SUB (NP (D @idi) (N akiidi)))))
  (ID ped-gramm,0.56))

/~*
etogo ane@ @iwaGadi aG@ @dakake lojedi.
(ped-gramm,0.57)
*~/
/*
19 NP:  19 NP, 23 N$
*/

( (IP-MAT (NP-1 (N etogo)
		(CP-REL (WNP-2 (WPRO ane@))
			(IP-SUB (NP-TRACE (-NONE- *T*-2))
				(VB @iwaGadi))))
	  (NEG aG@)
	  (VBU @dakake)
	  (NP (NP-GEN (-NONE- *T*-1))
	      (N$ lojedi))
	  (PUNC .))
  (ID ped-gramm,0.57))

/~*
etogo aG@ @dakake lojedi
(ped-gramm,0.58)
*~/
/*
9 NP:  9 NP, 13 N$
*/

( (IP-MAT (NP-1 (N etogo))
	  (NEG aG@)
	  (VBU @dakake)
	  (NP (NP-GEN (-NONE- *T*-1))
	      (N$ lojedi)))
  (ID ped-gramm,0.58))

/~*
etogoli dakake lojetedi
(ped-gramm,0.59)
*~/
/*
7 NP:  7 NP, 11 N$
*/

( (IP-MAT (NP-1 (N etogoli))
	  (VBU dakake)
	  (NP (NP-GEN (-NONE- *T*-1))
	      (N$ lojetedi)))
  (ID ped-gramm,0.59))

/~*
etogoli dakake loojedi
(ped-gramm,0.60)
*~/
/*
7 NP:  7 NP, 11 N$
*/

( (IP-MAT (NP-1 (N etogoli))
	  (VBU dakake)
	  (NP (NP-GEN (-NONE- *T*-1))
	      (N$ loojedi)))
  (ID ped-gramm,0.60))

/~*
Etogoli iwaGadi aG@ @dakake lojetedi
(ped-gramm,0.61)
*~/
/*
12 NP:  12 NP, 13 N$
*/

( (IP-MAT (NP (N Etogoli))
	  (VB iwaGadi)
	  (IP-ADV (NEG aG@)
		  (VBU @dakake)
		  (NP (N$ lojetedi))))
  (ID ped-gramm,0.61))

/~*
iGeladi digoida weiigi
(van-data,0.1)
*~/
/*
2 NP-SBJ:  2 NP-SBJ, 3 N$
*/

( (IP-MAT (NP-SBJ (N$ iGeladi))
	  (NP-PRD (D digoida) (N weiigi)))
  (ID van-data,0.1))

/~*
iGeladi idei weiigi
(van-data,0.2)
*~/
/*
2 NP:  2 NP, 3 N$
*/

( (IP-MAT (NP (N$ iGeladi))
	  (VB idei)
	  (NP (N weiigi)))
  (ID van-data,0.2))

/~*
iGeladi ideaGi weiigi
(van-data,0.3)
*~/
/*
2 NP:  2 NP, 3 N$
*/

( (IP-MAT (NP (N$ iGeladi))
	  (VB ideaGi)
	  (NP (N weiigi)))
  (ID van-data,0.3))

/~*
iwaalo ja libiniena
(van-data,0.4)
*~/
/*
7 NP-PRD:  7 NP-PRD, 8 N$
*/

( (IP-MAT (NP-SBJ (N iwaalo))
	  (T ja)
	  (NP-PRD (N$ libiniena)))
  (ID van-data,0.4))

/~*
lotaGa GanaaginaGa libinienaGa
(van-data,0.6)
*~/
/*
2 NP-SBJ:  2 NP-SBJ, 3 N$
5 NP:  5 NP, 6 N$
8 NP-PRD:  8 NP-PRD, 9 N$
*/

( (IP-MAT (NP-SBJ (N$ lotaGa)
		  (NP (N$ GanaaginaGa)))
	  (NP-PRD (N$ libinienaGa)))
  (ID van-data,0.6))

/~*
lotaGa Gadodawa libinienaGa
(van-data,0.7)
*~/
/*
2 NP-SBJ:  2 NP-SBJ, 3 N$
5 NP:  5 NP, 6 N$
8 NP-PRD:  8 NP-PRD, 9 N$
*/

( (IP-MAT (NP-SBJ (N$ lotaGa)
		  (NP (N$ Gadodawa)))
	  (NP-PRD (N$ libinienaGa)))
  (ID van-data,0.7))

/~*
niwatece iwaGadi noxilece lojetedi
(van-data,0.8)
*~/
/*
2 NP:  2 NP, 3 N$
10 NP:  10 NP, 11 N$
*/

( (IP-MAT (NP (N$ niwatece))
	  (VB iwaGadi)
	  (IP-ADV (VB noxilece)
		  (NP (N$ lojetedi))))
  (ID van-data,0.8))

/~*
Gawenigi eliodi me libinienigi
(van-data,0.10)
*~/
/*
2 NP-SBJ:  2 NP-SBJ, 3 N$
11 NP:  11 NP, 12 N$
*/

( (IP-MAT (NP-SBJ (N$ Gawenigi))
	  (CP-me (Q eliodi)
		 (C me)
		 (IP-SUB (NP (N$ libinienigi)))))
  (ID van-data,0.10))

/~*
niGida liwenigi libinienigi
(van-data,0.11)
*~/
/*
2 NP-SBJ:  2 NP-SBJ, 5 N$
7 NP-PRD:  7 NP-PRD, 8 N$
*/

( (IP-MAT (NP-SBJ (D niGida) (N$ liwenigi))
	  (NP-PRD (N$ libinienigi)))
  (ID van-data,0.11))

/~*
niGida niwenigi daGaxa me dakake loojedi
(van-data,0.12)
*~/
/*
15 NP:  15 NP, 19 N$
*/

( (IP-MAT (NP-1 (D niGida) (N niwenigi))
	  (CP-me (Q daGaxa)
		 (C me)
		 (IP-SUB (VBU dakake)
			 (NP (NP-GEN (-NONE- *T*-1))
			     (N$ loojedi)))))
  (ID van-data,0.12))

/~*
naGajo lomiigo Pedro idei niwatece
(van-data,0.13)
*~/
/*
2 NP:  2 NP, 5 N$
*/

( (IP-MAT (NP (D naGajo)
	      (N$ lomiigo)
	      (NP (NPR Pedro)))
	  (VB idei)
	  (NP (N niwatece)))
  (ID van-data,0.13))

/~*
naGajo lomiigo nigaanigawaanigi me@ @anitaGa niwatece
(van-data,0.14)
*~/
/*
2 NP-SBJ:  2 NP-SBJ, 5 N$
*/

( (IP-MAT (NP-SBJ (D naGajo)
		  (N$ lomiigo)
		  (NP (N nigaanigawaanigi)))
	  (CP-me (C me@)
		 (IP-SUB (NP (DAPL @anitaGa) (N niwatece)))))
  (ID van-data,0.14))

/~*
niGijoa lionigipi iwaalo idei me@ @initaGa
(van-data,0.19)
*~/
/*
2 NP:  2 NP, 5 N$
*/

( (IP-MAT (NP (D niGijoa)
	      (N$ lionigipi)
	      (NP (N iwaalo)))
	  (VB idei)
	  (CP-me (C me@)
		 (IP-SUB (NP (DAPL @initaGa)))))
  (ID van-data,0.19))

/~*
iwalepodi ja libinienigipi
(van-data,0.21)
*~/
/*
7 NP-PRD:  7 NP-PRD, 8 N$
*/

( (IP-MAT (NP-SBJ (N iwalepodi))
	  (T ja)
	  (NP-PRD (N$ libinienigipi)))
  (ID van-data,0.21))

/~*
ajo eliodi linikeGegi
(van-data,0.25)
*~/
/*
5 NP-PRD:  5 NP-PRD, 8 N$
*/

( (IP-MAT (NP-SBJ (D ajo))
	  (NP-PRD (Q eliodi) (N$ linikeGegi)))
  (ID van-data,0.25))

/~*
ajo lapicaGa
(van-data,0.26)
*~/
/*
5 NP-PRD:  5 NP-PRD, 6 N$
*/

( (IP-MAT (NP-SBJ (D ajo))
	  (NP-PRD (N$ lapicaGa)))
  (ID van-data,0.26))

/~*
ijo libinienigi
(van-data,0.27)
*~/
/*
5 NP-PRD:  5 NP-PRD, 6 N$
*/

( (IP-MAT (NP-SBJ (D ijo))
	  (NP-PRD (N$ libinienigi)))
  (ID van-data,0.27))

/~*
ijo lapicaGigi
(van-data,0.28)
*~/
/*
5 NP-PRD:  5 NP-PRD, 6 N$
*/

( (IP-MAT (NP-SBJ (D ijo))
	  (NP-PRD (N$ lapicaGigi)))
  (ID van-data,0.28))

/~*
niGijo lodaajo ajo lodowa aG@ @ica digoida liGeladi
(van-data,0.30)
*~/
/*
2 NP-SBJ:  2 NP-SBJ, 5 N$
7 NP:  7 NP, 10 N$
14 NP-PRD:  14 NP-PRD, 19 N$
*/

( (IP-MAT (NP-SBJ (D niGijo)
		  (N$ lodaajo)
		  (NP (D ajo) (N$ lodowa)))
	  (NEG aG@)
	  (NP-PRD (Q @ica) (D digoida) (N$ liGeladi)))
  (ID van-data,0.30))

/~*
ica liwigo niganigawanigi libinienigi
(van-data,0.31)
*~/
/*
2 NP-SBJ:  2 NP-SBJ, 5 N$
10 NP-PRD:  10 NP-PRD, 11 N$
*/

( (IP-MAT (NP-SBJ (D ica)
		  (N$ liwigo)
		  (NP (N niganigawanigi)))
	  (NP-PRD (N$ libinienigi)))
  (ID van-data,0.31))

/~*
naGani wetiGa liwaGatena
(van-data,0.32)
*~/
/*
7 NP-PRD:  7 NP-PRD, 8 N$
*/

( (IP-MAT (NP-SBJ (D naGani) (N wetiGa))
	  (NP-PRD (N$ liwaGatena)))
  (ID van-data,0.32))

/~*
ani wetiGa me iwaGadi eniteloco iGonagi
(van-data,0.37)
*~/
/*
15 NP-APL:  15 NP-APL, 16 N$
*/

( (IP-MAT (NP (D ani)
	      (N wetiGa)
	      (CP-me (C me)
		     (IP-SUB (VB iwaGadi))))
	  (VBAPL eniteloco)
	  (NP-APL (N$ iGonagi)))
  (ID van-data,0.37))

/~*
ani wetiGa ane iwaGadi eniteloco iGonagi
(van-data,0.38)
*~/
/*
19 NP-APL:  19 NP-APL, 20 N$
*/

( (IP-MAT (NP (D ani)
	      (N wetiGa)
	      (CP-REL (WNP-1 (WPRO ane))
		      (IP-SUB (NP-TRACE (-NONE- *T*-1))
			      (VB iwaGadi))))
	  (VBAPL eniteloco)
	  (NP-APL (N$ iGonagi)))
  (ID van-data,0.38))

/~*
niGidowa waca lotiidi dapicoGo
(van-data,0.40)
*~/
/*
2 NP:  2 NP, 8 N$
*/

( (IP-MAT (NP (D niGidowa)
	      (NP (N waca))
	      (N$ lotiidi))
	  (VB dapicoGo))
  (ID van-data,0.40))

/~*
idowa waca lotiidi dapicoGo
(van-data,0.41)
*~/
/*
2 NP:  2 NP, 8 N$
*/

( (IP-MAT (NP (D idowa)
	      (NP (N waca))
	      (N$ lotiidi))
	  (VB dapicoGo))
  (ID van-data,0.41))

/~*
ijo niwigo libinienigi ijowa nigetedi
(van-data,0.43)
*~/
/*
2 NP-SBJ:  2 NP-SBJ, 8 N$
10 NP-PRD:  10 NP-PRD, 13 N$
*/

( (IP-MAT (NP-SBJ (D ijo)
		  (NP (N niwigo))
		  (N$ libinienigi))
	  (NP-PRD (D ijowa) (N$ nigetedi)))
  (ID van-data,0.43))

/~*
ijoa nigetedi niwigo libinienigipi
(van-data,0.44)
*~/
/*
10 NP-PRD:  10 NP-PRD, 11 N$
*/

( (IP-MAT (NP-SBJ (D ijoa)
		  (N nigetedi)
		  (NP (N niwigo)))
	  (NP-PRD (N$ libinienigipi)))
  (ID van-data,0.44))

/~*
idiwa noGojedi lixagotaGaGa aG@ @dakake loojedi
(van-data,0.47)
*~/
/*
2 NP-1:  2 NP-1, 8 N$
14 NP:  14 NP, 18 N$
*/

( (IP-MAT (NP-1 (D idiwa)
		(NP (N noGojedi))
		(N$ lixagotaGaGa))
	  (NEG aG@)
	  (VBU @dakake)
	  (NP (NP-GEN (-NONE- *T*-1))
	      (N$ loojedi)))
  (ID van-data,0.47))

/~*
ee aG@ @ica inikeGegi
(van-data,0.52)
*~/
/*
7 NP-PRD:  7 NP-PRD, 10 N$
*/

( (IP-MAT (NP-SBJ (PRO ee))
	  (NEG aG@)
	  (NP-PRD (D @ica) (N$ inikeGegi)))
  (ID van-data,0.52))

/~*
aG@ @ee @ewi me@ @ica iniKGigi
(van-data,0.61)
*~/
/*
13 NP:  13 NP, 16 N$
*/

( (IP-MAT (NEG aG@)
	  (NP (PRO @ee))
	  (ADJ @ewi)
	  (CP-me (C me@)
		 (IP-SUB (NP (D @ica) (N$ iniKGigi)))))
  (ID van-data,0.61))

/~*
aG@ @eyo me@ @ica inikGigi
(van-data,0.62)
*~/
/*
11 NP:  11 NP, 14 N$
*/

( (IP-MAT (NEG aG@)
	  (NP-SBJ (PRO @eyo))
	  (CP-me (C me@)
		 (IP-SUB (NP (D @ica) (N$ inikGigi)))))
  (ID van-data,0.62))

/~*
aG@ @idedonaGa me@ @idi Godoigi
(van-data,0.64)
*~/
/*
10 NP:  10 NP, 13 N$
*/

( (IP-MAT (NEG aG@)
	  (VB @idedonaGa)
	  (CP-me (C me@)
		 (IP-SUB (NP (D @idi) (N$ Godoigi)))))
  (ID van-data,0.64))

/~*
aG@ @idejonaGa me@ @idi Godoigi
(van-data,0.66)
*~/
/*
10 NP:  10 NP, 13 N$
*/

( (IP-MAT (NEG aG@)
	  (VB @idejonaGa)
	  (CP-me (C me@)
		 (IP-SUB (NP (D @idi) (N$ Godoigi)))))
  (ID van-data,0.66))

/~*
ijo lemé Maria ipegitegi weiigi
(van-data,0.67)
*~/
/*
2 NP:  2 NP, 5 N$
*/

( (IP-MAT (NP (D ijo)
	      (N$ lemé)
	      (NP (NPR Maria)))
	  (VBAPL ipegitegi)
	  (NP-APL (N weiigi)))
  (ID van-data,0.67))

/~*
libiwe niale ixagodi
(van-data,0.69)
*~/
/*
2 NP:  2 NP, 3 N$
*/

( (IP-MAT (NP (N$ libiwe)
	      (NP (N niale)))
	  (VB ixagodi))
  (ID van-data,0.69))

/~*
idiwa leonigipi Maria libinienigipi
(van-data,0.71)
*~/
/*
2 NP-SBJ:  2 NP-SBJ, 5 N$
10 NP-PRD:  10 NP-PRD, 11 N$
*/

( (IP-MAT (NP-SBJ (Q idiwa)
		  (N$ leonigipi)
		  (NP (NPR Maria)))
	  (NP-PRD (N$ libinienigipi)))
  (ID van-data,0.71))

/~*
ijowa leonigipi iwaalo idi metaGa
(van-data,0.72)
*~/
/*
2 NP:  2 NP, 5 N$
*/

( (IP-MAT (NP (D ijowa)
	      (N$ leonigipi)
	      (NP (N iwaalo)))
	  (CP (NP (D idi))
	      (CAPL metaGa)))
  (ID van-data,0.72))

/~*
ligeladi ipegitege niweiigi nigotaGa
(van-data,0.73)
*~/
/*
2 NP:  2 NP, 3 N$
7 NP-APL:  7 NP-APL, 11 N$
*/

( (IP-MAT (NP (N$ ligeladi))
	  (VBAPL ipegitege)
	  (NP-APL (NP (N niweiigi))
		  (N$ nigotaGa)))
  (ID van-data,0.73))

/~*
ligeladi ipegitegi niweiigi nigotaGa
(van-data,0.74)
*~/
/*
2 NP:  2 NP, 3 N$
7 NP-APL:  7 NP-APL, 8 N$
*/

( (IP-MAT (NP (N$ ligeladi))
	  (VBAPL ipegitegi)
	  (NP-APL (N$ niweiigi)
		  (NP (N nigotaGa))))
  (ID van-data,0.74))

/~*
nigotaGa liGeladi ipegitegi weiigi
(van-data,0.75)
*~/
/*
2 NP:  2 NP, 3 N$
5 NP:  5 NP, 6 N$
*/

( (IP-MAT (NP (N$ nigotaGa)
	      (NP (N$ liGeladi)))
	  (VBAPL ipegitegi)
	  (NP-APL (N weiigi)))
  (ID van-data,0.75))
/*
FOOTER
  source file, hits/tokens/total
  kadiweu-parser-done.gold.psd	162/113/183
*/
/*
SUMMARY:  
source files, hits/tokens/total
  kadiweu-parser-done.gold.psd	162/113/183
whole search, hits/tokens/total
		162/113/183
*/
