( (IP-MAT (NP-SBJ (N$ LotaGa)
		  (NP (N$ Ganioxoa)))
	  (NP-PRD (N$ libinienaGa)))
  (ID hil-data,0.3))

( (IP-MAT (NP-SBJ (N$ LotaGa)
		  (NP (N$ Gadodawa)))
	  (NP-PRD (N$ libinienaGa)))
  (ID hil-data,0.4))

( (IP-MAT (NP-SBJ (N Etogo)
		  (CP-REL (WNP-1 (WPRO ane))
			  (IP-SUB (NP-TRACE )
				  (VB iwaGadi))))
	  (CNEG+VBU adakake)(NP-PRD (N$ loojedi)))
  (ID hil-data,0.6))

( (IP-MAT (NP (N$ Gawenigi))
	  (CP-me-me (Q eliodi)
		    (C me)
		    (NP (N$ libinienigi))))
  (ID hil-data,0.7))

( (IP-MAT (NP-SBJ (D NiGida) (N$ niwenigi))
	  (CP-me (Q eliodi)
		 (C me)
		 (IP-SUB (VBU dakake)
			 (NP (N$ loojedi)))))
  (ID hil-data,0.9))

( (IP-MAT (NP-SBJ (D NaGajo)
		  (N$ lomigo)
		  (NP (N niganigawanigi)))
	  (CP-me (C me@)
		 (IP-SUB (NP (D @adi) (N$ niwatece)))))
  (ID hil-data,0.11))

( (IP-MAT (NP-SBJ (N$ liwigo) (N niganigawanigi))
	  (NP-PRD (N$ libinienigi)))
  (ID hil-data,0.34))

( (IP-MAT (NP (D NaGani) (N wetiGa))
	  (PUNC ,)
	  (NP (CP-FRL (WNP-1 (WPRO ane))
		      (IP-SUB (NP-TRACE )
			      (VB iwaGadi))))
	  (PUNC ,)
	  (VBAPL eniteloco)(NP-APL (N$ iGonagi)))
  (ID hil-data,0.40))

( (IP-MAT (NP-SBJ (D nigidiwa)
		  (NP (N okokodi))
		  (N$ ligetedi))
	  (CP-me (C me@)
		 (IP-SUB (NP (D @idi)
			     (NP (N niwigo))
			     (N$ libinienaGa)))))
  (ID hil-data,0.42))

( (IP-MAT (NP-SBJ (D niGidiwa)
		  (NP (N okokodi))
		  (N$ ligetedi)
		  (NP (N$ liwigo)))
	  (NP-PRD (N$ libinienaGa)))
  (ID hil-data,0.43))

( (IP-MAT (NP (PRO Ee))
	  (VB ite)
	  (NP (PRO ee))
	  (NP (D ina)))
  (ID hil-data,0.45))

( (IP-MAT (VB Ite)
	  (NP (PRO ee)
	      (CP-me (C me@)
		     (IP-SUB (NP (DAPL @adataGa))))))
  (ID hil-data,0.46))

( (IP-MAT (VB Ite)
	  (NP (PRO ee)
	      (CP-me (C me@)
		     (IP-SUB (NP (DAPL @idataGa))))))
  (ID hil-data,0.47))

( (IP-MAT (NP (N nigotaGa) (N$ liGeladi))
	  (VBAPL ipegitege)
	  (NP-APL (N akiidi)))
  (ID hil-data,0.68))
